adsfasdfasdf
Test Jens
